******************************************************************************
            TI ARM Clang Linker Unix v3.2.1                    
******************************************************************************
>> Linked Mon Apr 28 21:03:15 2025

OUTPUT FILE NAME:   <adc12_single_conversion_vref_internal_LP_MSPM0G3507_nortos_ticlang.out>
ENTRY POINT SYMBOL: "_c_int00_noargs"  address: 00000279


MEMORY CONFIGURATION

         name            origin    length      used     unused   attr    fill
----------------------  --------  ---------  --------  --------  ----  --------
  FLASH                 00000000   00020000  000003a8  0001fc58  R  X
  SRAM                  20200000   00008000  00000201  00007dff  RW X
  BCR_CONFIG            41c00000   00000080  00000000  00000080  R   
  BSL_CONFIG            41c00100   00000080  00000000  00000080  R   


SEGMENT ALLOCATION MAP

run origin  load origin   length   init length attrs members
----------  ----------- ---------- ----------- ----- -------
00000000    00000000    000003a8   000003a8    r-x
  00000000    00000000    000000c0   000000c0    r-- .intvecs
  000000c0    000000c0    000002b8   000002b8    r-x .text
  00000378    00000378    00000018   00000018    r-- .rodata
  00000390    00000390    00000018   00000018    r-- .cinit
20200000    20200000    00000001   00000000    rw-
  20200000    20200000    00000001   00000000    rw- .bss
20207e00    20207e00    00000200   00000000    rw-
  20207e00    20207e00    00000200   00000000    rw- .stack


SECTION ALLOCATION MAP

 output                                  attributes/
section   page    origin      length       input sections
--------  ----  ----------  ----------   ----------------
.intvecs   0    00000000    000000c0     
                  00000000    000000c0     startup_mspm0g350x_ticlang.o (.intvecs)

.text      0    000000c0    000002b8     
                  000000c0    0000007c     adc12_single_conversion_vref_internal.o (.text.main)
                  0000013c    00000050     ti_msp_dl_config.o (.text.SYSCFG_DL_ADC12_0_init)
                  0000018c    00000040     driverlib.a : dl_adc12.o (.text.DL_ADC12_setClockConfig)
                  000001cc    00000040     ti_msp_dl_config.o (.text.SYSCFG_DL_initPower)
                  0000020c    0000003c     libc.a : autoinit.c.obj (.text:__TI_auto_init_nobinit_nopinit)
                  00000248    00000030     ti_msp_dl_config.o (.text.SYSCFG_DL_SYSCTL_init)
                  00000278    00000028     libc.a : boot_cortex_m.c.obj (.text:_c_int00_noargs)
                  000002a0    00000024     ti_msp_dl_config.o (.text.SYSCFG_DL_VREF_init)
                  000002c4    00000022     driverlib.a : dl_vref.o (.text.DL_VREF_configReference)
                  000002e6    00000002     startup_mspm0g350x_ticlang.o (.text.Default_Handler)
                  000002e8    0000001c     adc12_single_conversion_vref_internal.o (.text.ADC0_IRQHandler)
                  00000304    00000018     ti_msp_dl_config.o (.text.SYSCFG_DL_GPIO_init)
                  0000031c    00000018     ti_msp_dl_config.o (.text.SYSCFG_DL_init)
                  00000334    00000016     libc.a : copy_zero_init.c.obj (.text:decompress:ZI:__TI_zero_init_nomemset)
                  0000034a    00000012     driverlib.a : dl_vref.o (.text.DL_VREF_setClockConfig)
                  0000035c    0000000a                 : dl_common.o (.text.DL_Common_delayCycles)
                  00000366    00000004     startup_mspm0g350x_ticlang.o (.text.Reset_Handler)
                  0000036a    00000004     libc.a : pre_init.c.obj (.text._system_pre_init)
                  0000036e    00000004            : exit.c.obj (.text:abort)
                  00000372    00000006     --HOLE-- [fill = 0]

.cinit     0    00000390    00000018     
                  00000390    00000008     (.cinit..bss.load) [load image, compression = zero_init]
                  00000398    00000004     (__TI_handler_table)
                  0000039c    00000008     (__TI_cinit_table)
                  000003a4    00000004     --HOLE-- [fill = 0]

.rodata    0    00000378    00000018     
                  00000378    0000000c     ti_msp_dl_config.o (.rodata.gVREFConfig)
                  00000384    00000008     ti_msp_dl_config.o (.rodata.gADC12_0ClockConfig)
                  0000038c    00000002     ti_msp_dl_config.o (.rodata.gVREFClockConfig)
                  0000038e    00000002     --HOLE-- [fill = 0]

.init_array 
*          0    00000000    00000000     UNINITIALIZED

.binit     0    00000000    00000000     

.bss       0    20200000    00000001     UNINITIALIZED
                  20200000    00000001     (.common:gCheckADC)

.stack     0    20207e00    00000200     UNINITIALIZED
                  20207e00    00000004     libc.a : boot_cortex_m.c.obj (.stack)
                  20207e04    000001fc     --HOLE--

__llvm_prf_cnts 
*          0    20200000    00000000     UNINITIALIZED

__llvm_prf_bits 
*          0    20200000    00000000     UNINITIALIZED

MODULE SUMMARY

       Module                                    code   ro data   rw data
       ------                                    ----   -------   -------
    ./
       ti_msp_dl_config.o                        276    22        0      
       startup_mspm0g350x_ticlang.o              6      192       0      
       adc12_single_conversion_vref_internal.o   152    0         1      
    +--+-----------------------------------------+------+---------+---------+
       Total:                                    434    214       1      
                                                                         
    /Applications/ti/ccs1281/ccs/tools/compiler/ti-cgt-armllvm_3.2.1.LTS/lib/armv6m-ti-none-eabi/c/libc.a
       autoinit.c.obj                            60     0         0      
       boot_cortex_m.c.obj                       40     0         0      
       copy_zero_init.c.obj                      22     0         0      
       exit.c.obj                                4      0         0      
       pre_init.c.obj                            4      0         0      
    +--+-----------------------------------------+------+---------+---------+
       Total:                                    130    0         0      
                                                                         
    /Users/joliewang/ti/mspm0_sdk_2_03_00_07/source/ti/driverlib/lib/ticlang/m0p/mspm0g1x0x_g3x0x/driverlib.a
       dl_adc12.o                                64     0         0      
       dl_vref.o                                 52     0         0      
       dl_common.o                               10     0         0      
    +--+-----------------------------------------+------+---------+---------+
       Total:                                    126    0         0      
                                                                         
       Stack:                                    0      0         512    
       Linker Generated:                         0      20        0      
    +--+-----------------------------------------+------+---------+---------+
       Grand Total:                              690    234       513    


LINKER GENERATED COPY TABLES

__TI_cinit_table @ 0000039c records: 1, size/record: 8, table size: 8
	.bss: load addr=00000390, load size=00000008 bytes, run addr=20200000, run size=00000001 bytes, compression=zero_init


LINKER GENERATED HANDLER TABLE

__TI_handler_table @ 00000398 records: 1, size/record: 4, table size: 4
	index: 0, handler: __TI_zero_init


GLOBAL SYMBOLS: SORTED ALPHABETICALLY BY Name 

address   name                          
-------   ----                          
000002e9  ADC0_IRQHandler               
000002e7  ADC1_IRQHandler               
000002e7  AES_IRQHandler                
0000036e  C$$EXIT                       
000002e7  CANFD0_IRQHandler             
000002e7  DAC0_IRQHandler               
0000018d  DL_ADC12_setClockConfig       
0000035d  DL_Common_delayCycles         
000002c5  DL_VREF_configReference       
0000034b  DL_VREF_setClockConfig        
000002e7  DMA_IRQHandler                
000002e7  Default_Handler               
000002e7  GROUP0_IRQHandler             
000002e7  GROUP1_IRQHandler             
000002e7  HardFault_Handler             
000002e7  I2C0_IRQHandler               
000002e7  I2C1_IRQHandler               
000002e7  NMI_Handler                   
000002e7  PendSV_Handler                
000002e7  RTC_IRQHandler                
00000367  Reset_Handler                 
000002e7  SPI0_IRQHandler               
000002e7  SPI1_IRQHandler               
000002e7  SVC_Handler                   
0000013d  SYSCFG_DL_ADC12_0_init        
00000305  SYSCFG_DL_GPIO_init           
00000249  SYSCFG_DL_SYSCTL_init         
000002a1  SYSCFG_DL_VREF_init           
0000031d  SYSCFG_DL_init                
000001cd  SYSCFG_DL_initPower           
000002e7  SysTick_Handler               
000002e7  TIMA0_IRQHandler              
000002e7  TIMA1_IRQHandler              
000002e7  TIMG0_IRQHandler              
000002e7  TIMG12_IRQHandler             
000002e7  TIMG6_IRQHandler              
000002e7  TIMG7_IRQHandler              
000002e7  TIMG8_IRQHandler              
000002e7  UART0_IRQHandler              
000002e7  UART1_IRQHandler              
000002e7  UART2_IRQHandler              
000002e7  UART3_IRQHandler              
20208000  __STACK_END                   
00000200  __STACK_SIZE                  
00000000  __TI_ATRegion0_region_sz      
00000000  __TI_ATRegion0_src_addr       
00000000  __TI_ATRegion0_trg_addr       
00000000  __TI_ATRegion1_region_sz      
00000000  __TI_ATRegion1_src_addr       
00000000  __TI_ATRegion1_trg_addr       
00000000  __TI_ATRegion2_region_sz      
00000000  __TI_ATRegion2_src_addr       
00000000  __TI_ATRegion2_trg_addr       
0000039c  __TI_CINIT_Base               
000003a4  __TI_CINIT_Limit              
000003a4  __TI_CINIT_Warm               
00000398  __TI_Handler_Table_Base       
0000039c  __TI_Handler_Table_Limit      
0000020d  __TI_auto_init_nobinit_nopinit
ffffffff  __TI_pprof_out_hndl           
ffffffff  __TI_prof_data_size           
ffffffff  __TI_prof_data_start          
00000000  __TI_static_base__            
00000335  __TI_zero_init_nomemset       
ffffffff  __binit__                     
UNDEFED   __mpu_init                    
20207e00  __stack                       
20200000  __start___llvm_prf_bits       
20200000  __start___llvm_prf_cnts       
20200000  __stop___llvm_prf_bits        
20200000  __stop___llvm_prf_cnts        
00000279  _c_int00_noargs               
UNDEFED   _system_post_cinit            
0000036b  _system_pre_init              
0000036f  abort                         
ffffffff  binit                         
20200000  gCheckADC                     
00000000  interruptVectors              
000000c1  main                          


GLOBAL SYMBOLS: SORTED BY Symbol Address 

address   name                          
-------   ----                          
00000000  __TI_ATRegion0_region_sz      
00000000  __TI_ATRegion0_src_addr       
00000000  __TI_ATRegion0_trg_addr       
00000000  __TI_ATRegion1_region_sz      
00000000  __TI_ATRegion1_src_addr       
00000000  __TI_ATRegion1_trg_addr       
00000000  __TI_ATRegion2_region_sz      
00000000  __TI_ATRegion2_src_addr       
00000000  __TI_ATRegion2_trg_addr       
00000000  __TI_static_base__            
00000000  interruptVectors              
000000c1  main                          
0000013d  SYSCFG_DL_ADC12_0_init        
0000018d  DL_ADC12_setClockConfig       
000001cd  SYSCFG_DL_initPower           
00000200  __STACK_SIZE                  
0000020d  __TI_auto_init_nobinit_nopinit
00000249  SYSCFG_DL_SYSCTL_init         
00000279  _c_int00_noargs               
000002a1  SYSCFG_DL_VREF_init           
000002c5  DL_VREF_configReference       
000002e7  ADC1_IRQHandler               
000002e7  AES_IRQHandler                
000002e7  CANFD0_IRQHandler             
000002e7  DAC0_IRQHandler               
000002e7  DMA_IRQHandler                
000002e7  Default_Handler               
000002e7  GROUP0_IRQHandler             
000002e7  GROUP1_IRQHandler             
000002e7  HardFault_Handler             
000002e7  I2C0_IRQHandler               
000002e7  I2C1_IRQHandler               
000002e7  NMI_Handler                   
000002e7  PendSV_Handler                
000002e7  RTC_IRQHandler                
000002e7  SPI0_IRQHandler               
000002e7  SPI1_IRQHandler               
000002e7  SVC_Handler                   
000002e7  SysTick_Handler               
000002e7  TIMA0_IRQHandler              
000002e7  TIMA1_IRQHandler              
000002e7  TIMG0_IRQHandler              
000002e7  TIMG12_IRQHandler             
000002e7  TIMG6_IRQHandler              
000002e7  TIMG7_IRQHandler              
000002e7  TIMG8_IRQHandler              
000002e7  UART0_IRQHandler              
000002e7  UART1_IRQHandler              
000002e7  UART2_IRQHandler              
000002e7  UART3_IRQHandler              
000002e9  ADC0_IRQHandler               
00000305  SYSCFG_DL_GPIO_init           
0000031d  SYSCFG_DL_init                
00000335  __TI_zero_init_nomemset       
0000034b  DL_VREF_setClockConfig        
0000035d  DL_Common_delayCycles         
00000367  Reset_Handler                 
0000036b  _system_pre_init              
0000036e  C$$EXIT                       
0000036f  abort                         
00000398  __TI_Handler_Table_Base       
0000039c  __TI_CINIT_Base               
0000039c  __TI_Handler_Table_Limit      
000003a4  __TI_CINIT_Limit              
000003a4  __TI_CINIT_Warm               
20200000  __start___llvm_prf_bits       
20200000  __start___llvm_prf_cnts       
20200000  __stop___llvm_prf_bits        
20200000  __stop___llvm_prf_cnts        
20200000  gCheckADC                     
20207e00  __stack                       
20208000  __STACK_END                   
ffffffff  __TI_pprof_out_hndl           
ffffffff  __TI_prof_data_size           
ffffffff  __TI_prof_data_start          
ffffffff  __binit__                     
ffffffff  binit                         
UNDEFED   __mpu_init                    
UNDEFED   _system_post_cinit            

[79 symbols]
