******************************************************************************
            TI ARM Clang Linker Unix v3.2.1                    
******************************************************************************
>> Linked Tue Apr 29 11:22:41 2025

OUTPUT FILE NAME:   <adc12_sequence_conversion_LP_MSPM0G3507_nortos_ticlang.out>
ENTRY POINT SYMBOL: "_c_int00_noargs"  address: 0000034d


MEMORY CONFIGURATION

         name            origin    length      used     unused   attr    fill
----------------------  --------  ---------  --------  --------  ----  --------
  FLASH                 00000000   00020000  000003d8  0001fc28  R  X
  SRAM                  20200000   00008000  00000229  00007dd7  RW X
  BCR_CONFIG            41c00000   00000080  00000000  00000080  R   
  BSL_CONFIG            41c00100   00000080  00000000  00000080  R   


SEGMENT ALLOCATION MAP

run origin  load origin   length   init length attrs members
----------  ----------- ---------- ----------- ----- -------
00000000    00000000    000003d8   000003d8    r-x
  00000000    00000000    000000c0   000000c0    r-- .intvecs
  000000c0    000000c0    000002f8   000002f8    r-x .text
  000003b8    000003b8    00000008   00000008    r-- .rodata
  000003c0    000003c0    00000018   00000018    r-- .cinit
20200000    20200000    00000029   00000000    rw-
  20200000    20200000    00000029   00000000    rw- .bss
20207e00    20207e00    00000200   00000000    rw-
  20207e00    20207e00    00000200   00000000    rw- .stack


SECTION ALLOCATION MAP

 output                                  attributes/
section   page    origin      length       input sections
--------  ----  ----------  ----------   ----------------
.intvecs   0    00000000    000000c0     
                  00000000    000000c0     startup_mspm0g350x_ticlang.o (.intvecs)

.text      0    000000c0    000002f8     
                  000000c0    00000090     adc12_sequence_conversion.o (.text.main)
                  00000150    00000074     ti_msp_dl_config.o (.text.SYSCFG_DL_ADC12_0_init)
                  000001c4    00000070     adc12_sequence_conversion.o (.text.ADC0_IRQHandler)
                  00000234    00000040     driverlib.a : dl_adc12.o (.text.DL_ADC12_setClockConfig)
                  00000274    00000040     ti_msp_dl_config.o (.text.SYSCFG_DL_SYSCTL_init)
                  000002b4    0000003c     libc.a : autoinit.c.obj (.text:__TI_auto_init_nobinit_nopinit)
                  000002f0    00000034     ti_msp_dl_config.o (.text.SYSCFG_DL_initPower)
                  00000324    00000028     libclang_rt.builtins.a : floatunsisf.S.obj (.text.__floatunsisf)
                  0000034c    00000028     libc.a : boot_cortex_m.c.obj (.text:_c_int00_noargs)
                  00000374    00000016            : copy_zero_init.c.obj (.text:decompress:ZI:__TI_zero_init_nomemset)
                  0000038a    00000014     ti_msp_dl_config.o (.text.SYSCFG_DL_init)
                  0000039e    0000000a     driverlib.a : dl_common.o (.text.DL_Common_delayCycles)
                  000003a8    00000004     startup_mspm0g350x_ticlang.o (.text.Reset_Handler)
                  000003ac    00000004     libc.a : pre_init.c.obj (.text._system_pre_init)
                  000003b0    00000004            : exit.c.obj (.text:abort)
                  000003b4    00000002     startup_mspm0g350x_ticlang.o (.text.Default_Handler)
                  000003b6    00000002     ti_msp_dl_config.o (.text.SYSCFG_DL_GPIO_init)

.cinit     0    000003c0    00000018     
                  000003c0    00000008     (.cinit..bss.load) [load image, compression = zero_init]
                  000003c8    00000004     (__TI_handler_table)
                  000003cc    00000008     (__TI_cinit_table)
                  000003d4    00000004     --HOLE-- [fill = 0]

.rodata    0    000003b8    00000008     
                  000003b8    00000008     ti_msp_dl_config.o (.rodata.gADC12_0ClockConfig)

.init_array 
*          0    00000000    00000000     UNINITIALIZED

.binit     0    00000000    00000000     

.bss       0    20200000    00000029     UNINITIALIZED
                  20200000    00000006     (.common:gAdcResult0)
                  20200006    00000006     (.common:gAdcResult1)
                  2020000c    00000006     (.common:gAdcResult2)
                  20200012    00000006     (.common:gAdcResult3)
                  20200018    00000004     (.common:adc0)
                  2020001c    00000004     (.common:adc1)
                  20200020    00000004     (.common:adc2)
                  20200024    00000004     (.common:adc3)
                  20200028    00000001     (.common:gCheckADC)

.stack     0    20207e00    00000200     UNINITIALIZED
                  20207e00    00000004     libc.a : boot_cortex_m.c.obj (.stack)
                  20207e04    000001fc     --HOLE--

__llvm_prf_cnts 
*          0    20200000    00000000     UNINITIALIZED

__llvm_prf_bits 
*          0    20200000    00000000     UNINITIALIZED

MODULE SUMMARY

       Module                         code   ro data   rw data
       ------                         ----   -------   -------
    ./
       adc12_sequence_conversion.o    256    0         41     
       ti_msp_dl_config.o             254    8         0      
       startup_mspm0g350x_ticlang.o   6      192       0      
    +--+------------------------------+------+---------+---------+
       Total:                         516    200       41     
                                                              
    /Applications/ti/ccs1281/ccs/tools/compiler/ti-cgt-armllvm_3.2.1.LTS/lib/armv6m-ti-none-eabi/c/libc.a
       autoinit.c.obj                 60     0         0      
       boot_cortex_m.c.obj            40     0         0      
       copy_zero_init.c.obj           22     0         0      
       exit.c.obj                     4      0         0      
       pre_init.c.obj                 4      0         0      
    +--+------------------------------+------+---------+---------+
       Total:                         130    0         0      
                                                              
    /Applications/ti/ccs1281/ccs/tools/compiler/ti-cgt-armllvm_3.2.1.LTS/lib/clang/15.0.7/lib/armv6m-ti-none-eabi/libclang_rt.builtins.a
       floatunsisf.S.obj              40     0         0      
    +--+------------------------------+------+---------+---------+
       Total:                         40     0         0      
                                                              
    /Users/joliewang/ti/mspm0_sdk_2_03_00_07/source/ti/driverlib/lib/ticlang/m0p/mspm0g1x0x_g3x0x/driverlib.a
       dl_adc12.o                     64     0         0      
       dl_common.o                    10     0         0      
    +--+------------------------------+------+---------+---------+
       Total:                         74     0         0      
                                                              
       Stack:                         0      0         512    
       Linker Generated:              0      20        0      
    +--+------------------------------+------+---------+---------+
       Grand Total:                   760    220       553    


LINKER GENERATED COPY TABLES

__TI_cinit_table @ 000003cc records: 1, size/record: 8, table size: 8
	.bss: load addr=000003c0, load size=00000008 bytes, run addr=20200000, run size=00000029 bytes, compression=zero_init


LINKER GENERATED HANDLER TABLE

__TI_handler_table @ 000003c8 records: 1, size/record: 4, table size: 4
	index: 0, handler: __TI_zero_init


GLOBAL SYMBOLS: SORTED ALPHABETICALLY BY Name 

address   name                          
-------   ----                          
000001c5  ADC0_IRQHandler               
000003b5  ADC1_IRQHandler               
000003b5  AES_IRQHandler                
000003b0  C$$EXIT                       
000003b5  CANFD0_IRQHandler             
000003b5  DAC0_IRQHandler               
00000235  DL_ADC12_setClockConfig       
0000039f  DL_Common_delayCycles         
000003b5  DMA_IRQHandler                
000003b5  Default_Handler               
000003b5  GROUP0_IRQHandler             
000003b5  GROUP1_IRQHandler             
000003b5  HardFault_Handler             
000003b5  I2C0_IRQHandler               
000003b5  I2C1_IRQHandler               
000003b5  NMI_Handler                   
000003b5  PendSV_Handler                
000003b5  RTC_IRQHandler                
000003a9  Reset_Handler                 
000003b5  SPI0_IRQHandler               
000003b5  SPI1_IRQHandler               
000003b5  SVC_Handler                   
00000151  SYSCFG_DL_ADC12_0_init        
000003b7  SYSCFG_DL_GPIO_init           
00000275  SYSCFG_DL_SYSCTL_init         
0000038b  SYSCFG_DL_init                
000002f1  SYSCFG_DL_initPower           
000003b5  SysTick_Handler               
000003b5  TIMA0_IRQHandler              
000003b5  TIMA1_IRQHandler              
000003b5  TIMG0_IRQHandler              
000003b5  TIMG12_IRQHandler             
000003b5  TIMG6_IRQHandler              
000003b5  TIMG7_IRQHandler              
000003b5  TIMG8_IRQHandler              
000003b5  UART0_IRQHandler              
000003b5  UART1_IRQHandler              
000003b5  UART2_IRQHandler              
000003b5  UART3_IRQHandler              
20208000  __STACK_END                   
00000200  __STACK_SIZE                  
00000000  __TI_ATRegion0_region_sz      
00000000  __TI_ATRegion0_src_addr       
00000000  __TI_ATRegion0_trg_addr       
00000000  __TI_ATRegion1_region_sz      
00000000  __TI_ATRegion1_src_addr       
00000000  __TI_ATRegion1_trg_addr       
00000000  __TI_ATRegion2_region_sz      
00000000  __TI_ATRegion2_src_addr       
00000000  __TI_ATRegion2_trg_addr       
000003cc  __TI_CINIT_Base               
000003d4  __TI_CINIT_Limit              
000003d4  __TI_CINIT_Warm               
000003c8  __TI_Handler_Table_Base       
000003cc  __TI_Handler_Table_Limit      
000002b5  __TI_auto_init_nobinit_nopinit
ffffffff  __TI_pprof_out_hndl           
ffffffff  __TI_prof_data_size           
ffffffff  __TI_prof_data_start          
00000000  __TI_static_base__            
00000375  __TI_zero_init_nomemset       
00000325  __aeabi_ui2f                  
ffffffff  __binit__                     
00000325  __floatunsisf                 
UNDEFED   __mpu_init                    
20207e00  __stack                       
20200000  __start___llvm_prf_bits       
20200000  __start___llvm_prf_cnts       
20200000  __stop___llvm_prf_bits        
20200000  __stop___llvm_prf_cnts        
0000034d  _c_int00_noargs               
UNDEFED   _system_post_cinit            
000003ad  _system_pre_init              
000003b1  abort                         
20200018  adc0                          
2020001c  adc1                          
20200020  adc2                          
20200024  adc3                          
ffffffff  binit                         
20200000  gAdcResult0                   
20200006  gAdcResult1                   
2020000c  gAdcResult2                   
20200012  gAdcResult3                   
20200028  gCheckADC                     
00000000  interruptVectors              
000000c1  main                          


GLOBAL SYMBOLS: SORTED BY Symbol Address 

address   name                          
-------   ----                          
00000000  __TI_ATRegion0_region_sz      
00000000  __TI_ATRegion0_src_addr       
00000000  __TI_ATRegion0_trg_addr       
00000000  __TI_ATRegion1_region_sz      
00000000  __TI_ATRegion1_src_addr       
00000000  __TI_ATRegion1_trg_addr       
00000000  __TI_ATRegion2_region_sz      
00000000  __TI_ATRegion2_src_addr       
00000000  __TI_ATRegion2_trg_addr       
00000000  __TI_static_base__            
00000000  interruptVectors              
000000c1  main                          
00000151  SYSCFG_DL_ADC12_0_init        
000001c5  ADC0_IRQHandler               
00000200  __STACK_SIZE                  
00000235  DL_ADC12_setClockConfig       
00000275  SYSCFG_DL_SYSCTL_init         
000002b5  __TI_auto_init_nobinit_nopinit
000002f1  SYSCFG_DL_initPower           
00000325  __aeabi_ui2f                  
00000325  __floatunsisf                 
0000034d  _c_int00_noargs               
00000375  __TI_zero_init_nomemset       
0000038b  SYSCFG_DL_init                
0000039f  DL_Common_delayCycles         
000003a9  Reset_Handler                 
000003ad  _system_pre_init              
000003b0  C$$EXIT                       
000003b1  abort                         
000003b5  ADC1_IRQHandler               
000003b5  AES_IRQHandler                
000003b5  CANFD0_IRQHandler             
000003b5  DAC0_IRQHandler               
000003b5  DMA_IRQHandler                
000003b5  Default_Handler               
000003b5  GROUP0_IRQHandler             
000003b5  GROUP1_IRQHandler             
000003b5  HardFault_Handler             
000003b5  I2C0_IRQHandler               
000003b5  I2C1_IRQHandler               
000003b5  NMI_Handler                   
000003b5  PendSV_Handler                
000003b5  RTC_IRQHandler                
000003b5  SPI0_IRQHandler               
000003b5  SPI1_IRQHandler               
000003b5  SVC_Handler                   
000003b5  SysTick_Handler               
000003b5  TIMA0_IRQHandler              
000003b5  TIMA1_IRQHandler              
000003b5  TIMG0_IRQHandler              
000003b5  TIMG12_IRQHandler             
000003b5  TIMG6_IRQHandler              
000003b5  TIMG7_IRQHandler              
000003b5  TIMG8_IRQHandler              
000003b5  UART0_IRQHandler              
000003b5  UART1_IRQHandler              
000003b5  UART2_IRQHandler              
000003b5  UART3_IRQHandler              
000003b7  SYSCFG_DL_GPIO_init           
000003c8  __TI_Handler_Table_Base       
000003cc  __TI_CINIT_Base               
000003cc  __TI_Handler_Table_Limit      
000003d4  __TI_CINIT_Limit              
000003d4  __TI_CINIT_Warm               
20200000  __start___llvm_prf_bits       
20200000  __start___llvm_prf_cnts       
20200000  __stop___llvm_prf_bits        
20200000  __stop___llvm_prf_cnts        
20200000  gAdcResult0                   
20200006  gAdcResult1                   
2020000c  gAdcResult2                   
20200012  gAdcResult3                   
20200018  adc0                          
2020001c  adc1                          
20200020  adc2                          
20200024  adc3                          
20200028  gCheckADC                     
20207e00  __stack                       
20208000  __STACK_END                   
ffffffff  __TI_pprof_out_hndl           
ffffffff  __TI_prof_data_size           
ffffffff  __TI_prof_data_start          
ffffffff  __binit__                     
ffffffff  binit                         
UNDEFED   __mpu_init                    
UNDEFED   _system_post_cinit            

[86 symbols]
